src/routes/routes.ts(5,18): error TS6133: 'req' is declared but its value is never read.
